BL51 BANKED LINKER/LOCATER V6.22                                                        03/17/2019  20:25:24  PAGE 1


BL51 BANKED LINKER/LOCATER V6.22, INVOKED BY:
C:\KEIL\C51\BIN\BL51.EXE STARTUP.obj, test.obj TO test


MEMORY MODEL: SMALL


INPUT MODULES INCLUDED:
  STARTUP.obj (?C_STARTUP)
  test.obj (TEST)
  C:\KEIL\C51\LIB\C51S.LIB (?C?UIDIV)


LINK MAP OF MODULE:  test (?C_STARTUP)


            TYPE    BASE      LENGTH    RELOCATION   SEGMENT NAME
            -----------------------------------------------------

            * * * * * * *   D A T A   M E M O R Y   * * * * * * *
            REG     0000H     0008H     ABSOLUTE     "REG BANK 0"
            DATA    0008H     0006H     UNIT         _DATA_GROUP_
            IDATA   000EH     0001H     UNIT         ?STACK

            * * * * * * *   C O D E   M E M O R Y   * * * * * * *
            CODE    0000H     0003H     ABSOLUTE     
            CODE    0003H     0061H     UNIT         ?PR?MAIN?TEST
            CODE    0064H     0055H     UNIT         ?C?LIB_CODE
            CODE    00B9H     001DH     UNIT         ?PR?DELAY?TEST
            CODE    00D6H     001DH     UNIT         ?PR?DELAY2?TEST
            CODE    00F3H     000CH     UNIT         ?C_C51STARTUP
            CODE    00FFH     000AH     UNIT         ?CO?TEST



OVERLAY MAP OF MODULE:   test (?C_STARTUP)


SEGMENT                          DATA_GROUP 
  +--> CALLED SEGMENT          START    LENGTH
----------------------------------------------
?C_C51STARTUP                  -----    -----
  +--> ?PR?MAIN?TEST

?PR?MAIN?TEST                  0008H    0006H
  +--> ?CO?TEST
  +--> ?PR?DELAY2?TEST



SYMBOL TABLE OF MODULE:  test (?C_STARTUP)

  VALUE           TYPE          NAME
  ----------------------------------

  -------         MODULE        ?C_STARTUP
  C:00F3H         SEGMENT       ?C_C51STARTUP
  I:000EH         SEGMENT       ?STACK
BL51 BANKED LINKER/LOCATER V6.22                                                      03/17/2019  20:25:24  PAGE 2


  C:0000H         PUBLIC        ?C_STARTUP
  D:00E0H         SYMBOL        ACC
  D:00F0H         SYMBOL        B
  D:0083H         SYMBOL        DPH
  D:0082H         SYMBOL        DPL
  N:0000H         SYMBOL        IBPSTACK
  N:0100H         SYMBOL        IBPSTACKTOP
  N:0080H         SYMBOL        IDATALEN
  C:00F6H         SYMBOL        IDATALOOP
  N:0000H         SYMBOL        PBPSTACK
  N:0100H         SYMBOL        PBPSTACKTOP
  N:0000H         SYMBOL        PDATALEN
  N:0000H         SYMBOL        PDATASTART
  N:0000H         SYMBOL        PPAGE
  N:0000H         SYMBOL        PPAGEENABLE
  D:00A0H         SYMBOL        PPAGE_SFR
  D:0081H         SYMBOL        SP
  C:00F3H         SYMBOL        STARTUP1
  N:0000H         SYMBOL        XBPSTACK
  N:0000H         SYMBOL        XBPSTACKTOP
  N:0000H         SYMBOL        XDATALEN
  N:0000H         SYMBOL        XDATASTART
  C:0000H         LINE#         126
  C:00F3H         LINE#         133
  C:00F5H         LINE#         134
  C:00F6H         LINE#         135
  C:00F7H         LINE#         136
  C:00F9H         LINE#         185
  C:00FCH         LINE#         196
  -------         ENDMOD        ?C_STARTUP

  -------         MODULE        TEST
  C:0000H         SYMBOL        _ICE_DUMMY_
  D:0090H         PUBLIC        P1
  D:00B0H         PUBLIC        P3
  C:00B9H         PUBLIC        delay
  C:0003H         PUBLIC        main
  C:00D6H         PUBLIC        delay2
  B:0090H.1       PUBLIC        A1
  B:0090H.0       PUBLIC        B1
  -------         PROC          DELAY
  -------         DO            
  D:0006H         SYMBOL        i
  D:0004H         SYMBOL        j
  -------         ENDDO         
  C:00B9H         LINE#         4
  C:00B9H         LINE#         5
  C:00BCH         LINE#         6
  C:00BCH         LINE#         7
  C:00D5H         LINE#         8
  -------         ENDPROC       DELAY
  -------         PROC          DELAY2
  -------         DO            
  D:0006H         SYMBOL        i
  D:0004H         SYMBOL        j
  -------         ENDDO         
  C:00D6H         LINE#         9
BL51 BANKED LINKER/LOCATER V6.22                                                      03/17/2019  20:25:24  PAGE 3


  C:00D6H         LINE#         10
  C:00D9H         LINE#         11
  C:00D9H         LINE#         12
  C:00F2H         LINE#         13
  -------         ENDPROC       DELAY2
  -------         PROC          MAIN
  -------         DO            
  C:00FFH         SYMBOL        table
  D:0002H         SYMBOL        i
  D:0008H         SYMBOL        j
  D:000AH         SYMBOL        shi
  D:000CH         SYMBOL        ge
  -------         ENDDO         
  C:0003H         LINE#         14
  C:0003H         LINE#         18
  C:0003H         LINE#         19
  C:0007H         LINE#         20
  C:000AH         LINE#         21
  C:0019H         LINE#         22
  C:0028H         LINE#         23
  C:0038H         LINE#         24
  C:003AH         LINE#         25
  C:003DH         LINE#         26
  C:003FH         LINE#         27
  C:0042H         LINE#         28
  C:0052H         LINE#         29
  C:0054H         LINE#         30
  C:0057H         LINE#         31
  C:0059H         LINE#         32
  -------         ENDPROC       MAIN
  -------         ENDMOD        TEST

  -------         MODULE        ?C?UIDIV
  C:0064H         PUBLIC        ?C?UIDIV
  -------         ENDMOD        ?C?UIDIV

*** WARNING L16: UNCALLED SEGMENT, IGNORED FOR OVERLAY PROCESS
    SEGMENT: ?PR?DELAY?TEST

Program Size: data=15.0 xdata=0 code=265
LINK/LOCATE RUN COMPLETE.  1 WARNING(S),  0 ERROR(S)
