C51 COMPILER V9.52.0.0   TEST                                                              03/17/2019 20:25:23 PAGE 1   


C51 COMPILER V9.52.0.0, COMPILATION OF MODULE TEST
OBJECT MODULE PLACED IN test.OBJ
COMPILER INVOKED BY: C:\Keil\C51\BIN\C51.EXE test.c BROWSE DEBUG OBJECTEXTEND TABS(2)

line level    source

   1          #include<reg51.h>
   2          sbit A1=P1^1;
   3          sbit B1=P1^0;
   4          void delay() {
   5   1          unsigned int i=0,j=0;
   6   1          for(i=0; i<1; i++)
   7   1              for(j=0; j<21738; j++);
   8   1      }
   9          void delay2() {
  10   1          unsigned int i=0,j=0;
  11   1          for(i=0; i<1; i++)
  12   1              for(j=0; j<8000; j++);
  13   1      }
  14          void main() {
  15   1          char code table[]= {0xc0,0xf9,0xa4,0xb0,0x99,0x92,0x82,0xf8,0x80,0x90};
  16   1          unsigned int i ,j;
  17   1          int shi,ge;
  18   1          while(1) {
  19   2              for (i=60; i>0; i--) {
  20   3                  P3=0xff;
  21   3                  shi=i/10;
  22   3                  ge=i%10;
  23   3                  P3=table[ge];
  24   3                  A1=1;
  25   3                  delay2();
  26   3                  A1=0;
  27   3                  P3=0xff;
  28   3                  P3=table[shi];
  29   3                  B1=1;
  30   3                  delay2();
  31   3                  B1=0;
  32   3              }
  33   2          }
  34   1      }
*** WARNING C280 IN LINE 16 OF test.c: 'j': unreferenced local variable


MODULE INFORMATION:   STATIC OVERLAYABLE
   CODE SIZE        =    155    ----
   CONSTANT SIZE    =     10    ----
   XDATA SIZE       =   ----    ----
   PDATA SIZE       =   ----    ----
   DATA SIZE        =   ----       6
   IDATA SIZE       =   ----    ----
   BIT SIZE         =   ----    ----
END OF MODULE INFORMATION.


C51 COMPILATION COMPLETE.  1 WARNING(S),  0 ERROR(S)
