C51 COMPILER V9.52.0.0   TEST                                                              03/19/2019 23:14:11 PAGE 1   


C51 COMPILER V9.52.0.0, COMPILATION OF MODULE TEST
OBJECT MODULE PLACED IN test.OBJ
COMPILER INVOKED BY: C:\Keil\C51\BIN\C51.EXE test.c BROWSE DEBUG OBJECTEXTEND TABS(2)

line level    source

   1          #include<reg51.h>
   2          #define uchar unsigned char
   3          #define uint unsigned int
   4          sbit A1 = P1 ^ 1;
   5          sbit B1 = P1 ^ 0;
   6          sbit BU = P1 ^2;
   7          uint time = 10;
   8          uint count = 20;
   9          uint flag = 0;
  10          char code LED[] = {0xc0, 0xf9, 0xa4, 0xb0, 0x99, 0x92, 0x82, 0xf8, 0x80, 0x90};
  11          void delay(int ms) {  //延时子程序
  12   1          uint j, k;
  13   1          for (j = 0; j < ms; j++)      //延时ms
  14   1              for (k = 0; k < 124; k++)
  15   1                  ;   //大约1毫秒的延时
  16   1      }
  17          void display();
  18          
  19          void init() {
  20   1          EA = 1;
  21   1          TMOD = 0x01;
  22   1          ET0 = 1;            //定时器0中断开启
  23   1          TH0 = 0x4c;
  24   1          TL0 = 0x00;
  25   1          TR0 = 1;
  26   1          TF0 = 0;
  27   1      }
  28          void init2() {
  29   1          TMOD = 0x20;
  30   1          SCON = 0x50;
  31   1          PCON = 0x00;
  32   1          TL1 = 0xFD;
  33   1          TH1 = 0xFD;
  34   1          TR1 = 1;
  35   1          EA = 1;
  36   1          ES = 1;
  37   1      }
  38          
  39          void sendChar(uchar Value)
  40          {  
  41   1           SBUF = Value;       
  42   1           flag = 1;
  43   1           while(flag);
  44   1      }  
  45          
  46          void sendAll(uchar *pValue)
  47          {  
  48   1          while((*pValue) != '\0')  
  49   1          {  
  50   2              sendChar(*pValue);      
  51   2              pValue++;               
  52   2          }  
  53   1      }  
  54          
  55          void main() {
C51 COMPILER V9.52.0.0   TEST                                                              03/19/2019 23:14:11 PAGE 2   

  56   1          init2();
  57   1          while(1) {
  58   2              display();
  59   2              if(BU==0)
  60   2                {
  61   3                  while(!BU){sendAll("hello world!");}
  62   3      }
  63   2          }
  64   1      }
  65          
  66          void display() { //显示子程序
  67   1          A1 = 1;
  68   1          P0 = LED[time % 10];
  69   1          delay(1);
  70   1          A1 = 0;
  71   1          B1 = 1;
  72   1          P0 = LED[time / 10];
  73   1          delay(1);
  74   1          B1 = 0;
  75   1      }
  76          
  77          void testinter() {
  78   1      
  79   1          TH0 = 0x4c;
  80   1          TL0 = 0x00;
  81   1          if(count < 20) {
  82   2              count++;
  83   2          } else {
  84   2              count = 0;
  85   2              if(time > 0) {
  86   3                  time--;
  87   3              } else {
  88   3                  time = 10;
  89   3              }
  90   2          }
  91   1      }
  92          void serial() interrupt  4 {
  93   1          if(RI)            
  94   1          {  
  95   2              RI = 0;
  96   2              P0=SBUF;   
  97   2              flag=1;
  98   2          }  
  99   1            
 100   1          if(TI)  
 101   1          {  
 102   2              TI = 0;
 103   2              flag = 0;  
 104   2          }  
 105   1      }


MODULE INFORMATION:   STATIC OVERLAYABLE
   CODE SIZE        =    276    ----
   CONSTANT SIZE    =     23    ----
   XDATA SIZE       =   ----    ----
   PDATA SIZE       =   ----    ----
   DATA SIZE        =      6    ----
   IDATA SIZE       =   ----    ----
   BIT SIZE         =   ----    ----
END OF MODULE INFORMATION.


C51 COMPILATION COMPLETE.  0 WARNING(S),  0 ERROR(S)
