BL51 BANKED LINKER/LOCATER V6.22                                                        03/19/2019  23:14:11  PAGE 1


BL51 BANKED LINKER/LOCATER V6.22, INVOKED BY:
C:\KEIL\C51\BIN\BL51.EXE STARTUP.obj, test.obj TO test


MEMORY MODEL: SMALL


INPUT MODULES INCLUDED:
  STARTUP.obj (?C_STARTUP)
  test.obj (TEST)
  C:\KEIL\C51\LIB\C51S.LIB (?C_INIT)
  C:\KEIL\C51\LIB\C51S.LIB (?C?CLDPTR)
  C:\KEIL\C51\LIB\C51S.LIB (?C?UIDIV)


LINK MAP OF MODULE:  test (?C_STARTUP)


            TYPE    BASE      LENGTH    RELOCATION   SEGMENT NAME
            -----------------------------------------------------

            * * * * * * *   D A T A   M E M O R Y   * * * * * * *
            REG     0000H     0008H     ABSOLUTE     "REG BANK 0"
            DATA    0008H     0006H     UNIT         ?DT?TEST
            IDATA   000EH     0001H     UNIT         ?STACK

            * * * * * * *   C O D E   M E M O R Y   * * * * * * *
            CODE    0000H     0003H     ABSOLUTE     
            CODE    0003H     001AH     UNIT         ?PR?SERIAL?TEST
                    001DH     0006H                  *** GAP ***
            CODE    0023H     0003H     ABSOLUTE     
            CODE    0026H     008CH     UNIT         ?C_C51STARTUP
            CODE    00B2H     006EH     UNIT         ?C?LIB_CODE
            CODE    0120H     003AH     UNIT         ?PR?TESTINTER?TEST
            CODE    015AH     0035H     UNIT         ?PR?DISPLAY?TEST
            CODE    018FH     002AH     UNIT         ?PR?_DELAY?TEST
            CODE    01B9H     0017H     UNIT         ?PR?MAIN?TEST
            CODE    01D0H     0017H     UNIT         ?CO?TEST
            CODE    01E7H     0016H     UNIT         ?PR?INIT2?TEST
            CODE    01FDH     0013H     UNIT         ?PR?_SENDALL?TEST
            CODE    0210H     0012H     UNIT         ?PR?INIT?TEST
            CODE    0222H     000FH     UNIT         ?PR?_SENDCHAR?TEST
            CODE    0231H     000DH     UNIT         ?C_INITSEG



OVERLAY MAP OF MODULE:   test (?C_STARTUP)


SEGMENT
  +--> CALLED SEGMENT
---------------------
?C_C51STARTUP
  +--> ?PR?MAIN?TEST
  +--> ?C_INITSEG

?PR?MAIN?TEST
  +--> ?PR?INIT2?TEST
BL51 BANKED LINKER/LOCATER V6.22                                                      03/19/2019  23:14:11  PAGE 2


  +--> ?PR?DISPLAY?TEST
  +--> ?CO?TEST
  +--> ?PR?_SENDALL?TEST

?PR?DISPLAY?TEST
  +--> ?CO?TEST
  +--> ?PR?_DELAY?TEST

?PR?_SENDALL?TEST
  +--> ?PR?_SENDCHAR?TEST



SYMBOL TABLE OF MODULE:  test (?C_STARTUP)

  VALUE           TYPE          NAME
  ----------------------------------

  -------         MODULE        ?C_STARTUP
  C:0026H         SEGMENT       ?C_C51STARTUP
  I:000EH         SEGMENT       ?STACK
  C:0000H         PUBLIC        ?C_STARTUP
  D:00E0H         SYMBOL        ACC
  D:00F0H         SYMBOL        B
  D:0083H         SYMBOL        DPH
  D:0082H         SYMBOL        DPL
  N:0000H         SYMBOL        IBPSTACK
  N:0100H         SYMBOL        IBPSTACKTOP
  N:0080H         SYMBOL        IDATALEN
  C:0029H         SYMBOL        IDATALOOP
  N:0000H         SYMBOL        PBPSTACK
  N:0100H         SYMBOL        PBPSTACKTOP
  N:0000H         SYMBOL        PDATALEN
  N:0000H         SYMBOL        PDATASTART
  N:0000H         SYMBOL        PPAGE
  N:0000H         SYMBOL        PPAGEENABLE
  D:00A0H         SYMBOL        PPAGE_SFR
  D:0081H         SYMBOL        SP
  C:0026H         SYMBOL        STARTUP1
  N:0000H         SYMBOL        XBPSTACK
  N:0000H         SYMBOL        XBPSTACKTOP
  N:0000H         SYMBOL        XDATALEN
  N:0000H         SYMBOL        XDATASTART
  C:0000H         LINE#         126
  C:0026H         LINE#         133
  C:0028H         LINE#         134
  C:0029H         LINE#         135
  C:002AH         LINE#         136
  C:002CH         LINE#         185
  C:002FH         LINE#         196
  -------         ENDMOD        ?C_STARTUP

  -------         MODULE        TEST
  C:0000H         SYMBOL        _ICE_DUMMY_
  D:0080H         PUBLIC        P0
  D:0090H         PUBLIC        P1
  C:0003H         PUBLIC        serial
BL51 BANKED LINKER/LOCATER V6.22                                                      03/19/2019  23:14:11  PAGE 3


  B:00A8H.7       PUBLIC        EA
  C:0199H         PUBLIC        _delay
  B:0090H.2       PUBLIC        BU
  B:00A8H.4       PUBLIC        ES
  B:0098H.0       PUBLIC        RI
  D:0008H         PUBLIC        flag
  B:0098H.1       PUBLIC        TI
  C:01B9H         PUBLIC        main
  D:000AH         PUBLIC        count
  C:0222H         PUBLIC        _sendChar
  D:000CH         PUBLIC        time
  D:0099H         PUBLIC        SBUF
  D:0087H         PUBLIC        PCON
  D:0098H         PUBLIC        SCON
  D:0089H         PUBLIC        TMOD
  C:0210H         PUBLIC        init
  C:01FDH         PUBLIC        _sendAll
  B:00A8H.1       PUBLIC        ET0
  B:0088H.5       PUBLIC        TF0
  D:008CH         PUBLIC        TH0
  D:008DH         PUBLIC        TH1
  D:008AH         PUBLIC        TL0
  D:008BH         PUBLIC        TL1
  C:01DDH         PUBLIC        LED
  B:0088H.4       PUBLIC        TR0
  B:0088H.6       PUBLIC        TR1
  C:0120H         PUBLIC        testinter
  C:01E7H         PUBLIC        init2
  B:0090H.1       PUBLIC        A1
  B:0090H.0       PUBLIC        B1
  C:015AH         PUBLIC        display
  -------         PROC          L?0035
  -------         ENDPROC       L?0035
  -------         PROC          _DELAY
  D:0006H         SYMBOL        ms
  -------         DO            
  D:0004H         SYMBOL        j
  D:0002H         SYMBOL        k
  -------         ENDDO         
  C:0199H         LINE#         11
  C:0199H         LINE#         13
  C:01A3H         LINE#         14
  C:01B8H         LINE#         16
  -------         ENDPROC       _DELAY
  -------         PROC          INIT
  C:0210H         LINE#         19
  C:0210H         LINE#         20
  C:0212H         LINE#         21
  C:0215H         LINE#         22
  C:0217H         LINE#         23
  C:021AH         LINE#         24
  C:021DH         LINE#         25
  C:021FH         LINE#         26
  C:0221H         LINE#         27
  -------         ENDPROC       INIT
  -------         PROC          INIT2
  C:01E7H         LINE#         28
BL51 BANKED LINKER/LOCATER V6.22                                                      03/19/2019  23:14:11  PAGE 4


  C:01E7H         LINE#         29
  C:01EAH         LINE#         30
  C:01EDH         LINE#         31
  C:01F0H         LINE#         32
  C:01F3H         LINE#         33
  C:01F6H         LINE#         34
  C:01F8H         LINE#         35
  C:01FAH         LINE#         36
  C:01FCH         LINE#         37
  -------         ENDPROC       INIT2
  -------         PROC          _SENDCHAR
  D:0007H         SYMBOL        Value
  C:0222H         LINE#         39
  C:0222H         LINE#         40
  C:0222H         LINE#         41
  C:0224H         LINE#         42
  C:022AH         LINE#         43
  C:0230H         LINE#         44
  -------         ENDPROC       _SENDCHAR
  -------         PROC          _SENDALL
  D:0001H         SYMBOL        pValue
  C:01FDH         LINE#         46
  C:01FDH         LINE#         47
  C:01FDH         LINE#         48
  C:0203H         LINE#         49
  C:0203H         LINE#         50
  C:0206H         LINE#         51
  C:020DH         LINE#         52
  C:020FH         LINE#         53
  -------         ENDPROC       _SENDALL
  -------         PROC          MAIN
  C:01B9H         LINE#         55
  C:01B9H         LINE#         56
  C:01BCH         LINE#         57
  C:01BCH         LINE#         58
  C:01BFH         LINE#         59
  C:01C2H         LINE#         60
  C:01C2H         LINE#         61
  -------         ENDPROC       MAIN
  -------         PROC          DISPLAY
  C:015AH         LINE#         66
  C:015AH         LINE#         67
  C:015CH         LINE#         68
  C:016FH         LINE#         69
  C:0172H         LINE#         70
  C:0174H         LINE#         71
  C:0176H         LINE#         72
  C:0189H         LINE#         73
  C:018CH         LINE#         74
  C:018EH         LINE#         75
  -------         ENDPROC       DISPLAY
  -------         PROC          TESTINTER
  C:0120H         LINE#         77
  C:0120H         LINE#         79
  C:0123H         LINE#         80
  C:0126H         LINE#         81
  C:0131H         LINE#         82
BL51 BANKED LINKER/LOCATER V6.22                                                      03/19/2019  23:14:11  PAGE 5


  C:0139H         LINE#         83
  C:013AH         LINE#         84
  C:013FH         LINE#         85
  C:014AH         LINE#         86
  C:0152H         LINE#         87
  C:0153H         LINE#         88
  C:0159H         LINE#         89
  C:0159H         LINE#         90
  C:0159H         LINE#         91
  -------         ENDPROC       TESTINTER
  -------         PROC          SERIAL
  C:0003H         LINE#         92
  C:0003H         LINE#         93
  C:0006H         LINE#         94
  C:0006H         LINE#         95
  C:0008H         LINE#         96
  C:000BH         LINE#         97
  C:0011H         LINE#         98
  C:0011H         LINE#         100
  C:0014H         LINE#         101
  C:0014H         LINE#         102
  C:0016H         LINE#         103
  C:001CH         LINE#         104
  C:001CH         LINE#         105
  -------         ENDPROC       SERIAL
  -------         ENDMOD        TEST

  -------         MODULE        ?C?CLDPTR
  C:00B2H         PUBLIC        ?C?CLDPTR
  -------         ENDMOD        ?C?CLDPTR

  -------         MODULE        ?C?UIDIV
  C:00CBH         PUBLIC        ?C?UIDIV
  -------         ENDMOD        ?C?UIDIV

*** WARNING L16: UNCALLED SEGMENT, IGNORED FOR OVERLAY PROCESS
    SEGMENT: ?PR?INIT?TEST

*** WARNING L16: UNCALLED SEGMENT, IGNORED FOR OVERLAY PROCESS
    SEGMENT: ?PR?TESTINTER?TEST

Program Size: data=15.0 xdata=0 code=568
LINK/LOCATE RUN COMPLETE.  2 WARNING(S),  0 ERROR(S)
