C51 COMPILER V9.52.0.0   MAIN                                                              03/20/2019 19:40:22 PAGE 1   


C51 COMPILER V9.52.0.0, COMPILATION OF MODULE MAIN
OBJECT MODULE PLACED IN main.OBJ
COMPILER INVOKED BY: C:\Keil\C51\BIN\C51.EXE main.c BROWSE DEBUG OBJECTEXTEND TABS(2)

line level    source

   1          #include <reg51.h>      //头文件
   2          
   3          
   4          //倒计时
   5          unsigned char buf[4];             //秒显示的变量
   6          unsigned int EW_time_default = 25;      //东西默认值
   7          unsigned int SN_time_default = 30;      //南北默认值
   8          unsigned int EW_time_now = 25;    //东西方向当前数秒
   9          unsigned int SN_time_now = 30;    //南北方向当前数秒
  10          
  11          //通行
  12          unsigned int SN_or_EW=0; //0：南北通行 1：东西通行
  13          
  14          //字型码
  15          unsigned char code LED[] = {0xc0, 0xf9, 0xa4, 0xb0, 0x99, 0x92, 0x82, 0xf8, 0x80, 0x90};
  16          
  17          
  18          unsigned char code NUM[] = {0x3f,0x06,0x5b,0x4f,0x66,0x6d,0x7d,0x07,0x7f,0x6f,0x40}; 
  19          
  20          
  21          //计数
  22          unsigned int time0_count;
  23          
  24          //红绿灯
  25          sbit Green_EW = P2 ^ 1;   //东西
  26          sbit Yellow_EW = P2 ^ 2;
  27          sbit Red_EW = P2 ^ 3;
  28          
  29          sbit Red_SN = P2 ^ 6;   //南北
  30          sbit Yellow_SN = P2 ^ 5;
  31          sbit Green_SN = P2 ^ 4;
  32          
  33          //函数声明
  34          void delay(int ms);     //延时
  35          void display();       //显示倒计时
  36          void init();          //开机初始化
  37          void Timer0Init();       //定时器0
  38          
  39          void main()
  40          {
  41   1          init();
  42   1          while (1) {
  43   2              display();
  44   2          }
  45   1      }
  46          
  47          void init()
  48          {
  49   1          //开总中断
  50   1          EA = 1;
  51   1          ET0 = 1;      //开定时器0
  52   1          //定时器0
  53   1          Timer0Init();
  54   1      
  55   1      }
C51 COMPILER V9.52.0.0   MAIN                                                              03/20/2019 19:40:22 PAGE 2   

  56          
  57          void time0() interrupt 1
  58          {
  59   1          //重置定时器
  60   1          TH0 = 0x4c;
  61   1          TL0 = 0x00;
  62   1          time0_count++;
  63   1          if(time0_count < 20) {}
  64   1          else {
  65   2              time0_count = 0;
  66   2              if(SN_time_now > 0) {
  67   3                  SN_time_now--;
  68   3              } else {
  69   3                  SN_time_now = EW_time_default;
  70   3              }
  71   2              if(EW_time_now > 0) {
  72   3                  EW_time_now--;
  73   3              } else {
  74   3                  EW_time_now = EW_time_default;
  75   3              }
  76   2          }
  77   1      }
  78          
  79          void display() //显示子程序
  80          {
  81   1            
  82   1        
  83   1          //南北方向个位十位
  84   1          buf[0] = SN_time_now / 10;
  85   1          buf[1] = SN_time_now % 10;
  86   1          //东西方向个位十位
  87   1          buf[2] = EW_time_now / 10;
  88   1          buf[3] = EW_time_now % 10;
  89   1      
  90   1          //点亮南北方向倒计时
  91   1          P1 = 0x01;              //片选LED1
  92   1          P0 = LED[buf[0]];     //送南北时间十位的数码管编码
  93   1          delay(1);       //延时      
  94   1        
  95   1          P1 = 0x02;              //片选LED2
  96   1          P0 = LED[buf[1]];
  97   1          delay(1);
  98   1          
  99   1          P1 = 0X04;          //片选LED3
 100   1          P0 = LED[buf[2]];       //送东西时间十位的数码管编码
 101   1          delay(1);       //延时
 102   1          
 103   1          P1 = 0X08;        //片选LED4
 104   1          P0 = LED[buf[3]];
 105   1          delay(1); 
 106   1      }
 107          
 108          void delay(int ms)      //延时子程序
 109          {
 110   1          unsigned int j, k;
 111   1          for (j = 0; j < ms; j++)
 112   1              for (k = 0; k < 124; k++)
 113   1                  ;
 114   1      }
 115          
 116          void Timer0Init()   //50毫秒@11.0592MHz
 117          {
C51 COMPILER V9.52.0.0   MAIN                                                              03/20/2019 19:40:22 PAGE 3   

 118   1          TMOD = 0x01;  //设置定时器模式
 119   1          TL0 = 0x00;   //设置定时初值
 120   1          TH0 = 0x4C;   //设置定时初值
 121   1          TF0 = 0;      //清除TF0标志
 122   1          TR0 = 1;      //定时器0开始计时
 123   1      }
 124          


MODULE INFORMATION:   STATIC OVERLAYABLE
   CODE SIZE        =    257    ----
   CONSTANT SIZE    =     21    ----
   XDATA SIZE       =   ----    ----
   PDATA SIZE       =   ----    ----
   DATA SIZE        =     16    ----
   IDATA SIZE       =   ----    ----
   BIT SIZE         =   ----    ----
END OF MODULE INFORMATION.


C51 COMPILATION COMPLETE.  0 WARNING(S),  0 ERROR(S)
